// Jest Snapshot v1, https://goo.gl/fbAQLP

exports[`StatisticListEncoder Test Suite should encode correctly 1`] = `
[
  "list_a_age_max",
  "list_a_height_max",
  "list_a_age_min",
  "list_a_height_min",
  "list_a_age_avg",
  "list_a_height_avg",
  "list_a_age_diff",
  "list_a_height_diff",
  "list_a_age_variance",
  "list_a_height_variance",
  "list_a_age_sum",
  "list_a_height_sum",
]
`;

exports[`StatisticListEncoder Test Suite should support empty array 1`] = `
[
  -65536,
  -65536,
  -65536,
  -65536,
  -65536,
  -65536,
  -65536,
  -65536,
  -65536,
  -65536,
  -65536,
  -65536,
]
`;
